// Jest Snapshot v1, https://goo.gl/fbAQLP

exports[`InputBox should render properly with 'callback' prop 1`] = `
<form
  action="#"
  onSubmit={[Function]}
>
  <input
    name="text"
    onChange={[Function]}
    required={true}
    type="text"
  />
  <button
    type="submit"
  >
    Enviar
  </button>
</form>
`;
