// Jest Snapshot v1, https://goo.gl/fbAQLP

exports[`InputBox should render properly with 'callback' prop 1`] = `
<section>
  <label
    htmlFor="text"
  >
    Texto:
    <input
      id="text"
      name="Text"
      onChange={[Function]}
      required={true}
      type="text"
    />
  </label>
  <button
    onClick={[Function]}
    type="button"
  >
    Enviar
  </button>
</section>
`;
